[
  {
    "group": "root",
    "id": "01FIXBLOCK0000000000000003",
    "file": "{{ROOT}}/.shelf/tasks/01FIXBLOCK0000000000000003.md",
    "title": "Blocked Task",
    "path": "root \u003e Blocked Task",
    "kind": "todo",
    "status": "open",
    "tags": [
      "blocked"
    ],
    "created_at": "2026-03-11T12:00:00Z",
    "updated_at": "2026-03-11T12:00:00Z"
  },
  {
    "group": "root",
    "id": "01FIXPARENT0000000000000001",
    "file": "{{ROOT}}/.shelf/tasks/01FIXPARENT0000000000000001.md",
    "title": "Project Alpha",
    "path": "root \u003e Project Alpha",
    "kind": "todo",
    "status": "open",
    "tags": [
      "focus"
    ],
    "due_on": "2026-03-20",
    "created_at": "2026-03-11T09:00:00Z",
    "updated_at": "2026-03-11T09:00:00Z",
    "body": "parent note"
  },
  {
    "group": "root",
    "id": "01FIXPEER0000000000000004",
    "file": "{{ROOT}}/.shelf/tasks/01FIXPEER0000000000000004.md",
    "title": "Peer Task",
    "path": "root \u003e Peer Task",
    "kind": "memo",
    "status": "open",
    "tags": [
      "notes"
    ],
    "created_at": "2026-03-11T13:00:00Z",
    "updated_at": "2026-03-11T13:00:00Z",
    "body": "peer body"
  },
  {
    "group": "root \u003e Project Alpha",
    "id": "01FIXCHILD0000000000000002",
    "file": "{{ROOT}}/.shelf/tasks/01FIXCHILD0000000000000002.md",
    "title": "Build CLI",
    "path": "root \u003e Project Alpha \u003e Build CLI",
    "kind": "todo",
    "status": "in_progress",
    "tags": [
      "cli",
      "release"
    ],
    "due_on": "2026-03-12",
    "repeat_every": "1w",
    "parent_id": "01FIXPARENT0000000000000001",
    "parent_path": "root \u003e Project Alpha",
    "created_at": "2026-03-11T10:00:00Z",
    "updated_at": "2026-03-11T11:00:00Z",
    "body": "line one\nline two"
  }
]
