{"id":"01FIXPEER0000000000000004","file":"{{ROOT}}/.shelf/tasks/01FIXPEER0000000000000004.md","title":"Peer Task","path":"root \u003e Peer Task","kind":"memo","status":"open","tags":["notes"],"created_at":"2026-03-11T13:00:00Z","updated_at":"2026-03-11T13:00:00Z","body":"peer body"}
{"id":"01FIXPARENT0000000000000001","file":"{{ROOT}}/.shelf/tasks/01FIXPARENT0000000000000001.md","title":"Project Alpha","path":"root \u003e Project Alpha","kind":"todo","status":"open","tags":["focus"],"due_on":"2026-03-20","created_at":"2026-03-11T09:00:00Z","updated_at":"2026-03-11T09:00:00Z","body":"parent note"}
